Looking in indexes: https://pypi.tuna.tsinghua.edu.cn/simple
Requirement already satisfied: pip in /tmp/sourceaware-dd-clean/lib/python3.12/site-packages (25.0.1)
Collecting pip
  Downloading https://pypi.tuna.tsinghua.edu.cn/packages/5d/95/6b5cb3461ea5673ba0995989746db58eb18b91b54dbf331e72f569540946/pip-26.1.2-py3-none-any.whl (1.8 MB)
     ━━━━━━━━━━━━━━━━━━━━━━━━━━━━━━━━━━━━━━━━ 1.8/1.8 MB 1.1 MB/s eta 0:00:00
Installing collected packages: pip
  Attempting uninstall: pip
    Found existing installation: pip 25.0.1
    Uninstalling pip-25.0.1:
      Successfully uninstalled pip-25.0.1
Successfully installed pip-26.1.2
Looking in indexes: https://pypi.tuna.tsinghua.edu.cn/simple
Collecting numpy==2.5.1 (from -r requirements-lock.txt (line 1))
  Downloading numpy-2.5.1-cp312-cp312-manylinux_2_27_x86_64.manylinux_2_28_x86_64.whl (16.7 MB)
     ━━━━━━━━━━━━━━━━━━━━━━━━━━━━━━━━━━━━━━━━ 16.7/16.7 MB 659.3 kB/s  0:00:25
Collecting pandas==3.0.3 (from -r requirements-lock.txt (line 2))
  Downloading pandas-3.0.3-cp312-cp312-manylinux_2_24_x86_64.manylinux_2_28_x86_64.whl (10.9 MB)
     ━━━━━━━━━━━━━━━━━━━━━━━━━━━━━━━━━━━━━━━━ 10.9/10.9 MB 931.9 kB/s  0:00:11
Collecting scipy==1.18.0 (from -r requirements-lock.txt (line 3))
  Downloading scipy-1.18.0-cp312-cp312-manylinux_2_27_x86_64.manylinux_2_28_x86_64.whl (35.3 MB)
     ━━━━━━━━━━━━━━━━━━━━━━━━━━━━━━━━━━━━━━━━ 35.3/35.3 MB 1.2 MB/s  0:00:29
Collecting scikit-learn==1.8.0 (from -r requirements-lock.txt (line 4))
  Downloading scikit_learn-1.8.0-cp312-cp312-manylinux_2_27_x86_64.manylinux_2_28_x86_64.whl (8.9 MB)
     ━━━━━━━━━━━━━━━━━━━━━━━━━━━━━━━━━━━━━━━━ 8.9/8.9 MB 984.7 kB/s  0:00:09
Collecting pyarrow==24.0.0 (from -r requirements-lock.txt (line 5))
  Downloading pyarrow-24.0.0-cp312-cp312-manylinux_2_28_x86_64.whl (48.9 MB)
     ━━━━━━━━━━━━━━━━━━━━━━━━━━━━━━━━━━━━━━━━ 48.9/48.9 MB 1.2 MB/s  0:00:41
Collecting matplotlib==3.10.9 (from -r requirements-lock.txt (line 6))
  Downloading matplotlib-3.10.9-cp312-cp312-manylinux2014_x86_64.manylinux_2_17_x86_64.whl (8.8 MB)
     ━━━━━━━━━━━━━━━━━━━━━━━━━━━━━━━━━━━━━━━━ 8.8/8.8 MB 1.7 MB/s  0:00:05
Collecting PyYAML==6.0.3 (from -r requirements-lock.txt (line 7))
  Downloading pyyaml-6.0.3-cp312-cp312-manylinux2014_x86_64.manylinux_2_17_x86_64.manylinux_2_28_x86_64.whl (807 kB)
     ━━━━━━━━━━━━━━━━━━━━━━━━━━━━━━━━━━━━━━━━ 807.9/807.9 kB 4.0 MB/s  0:00:00
Collecting jsonschema==4.25.1 (from -r requirements-lock.txt (line 8))
  Downloading jsonschema-4.25.1-py3-none-any.whl (90 kB)
Collecting requests==2.34.2 (from -r requirements-lock.txt (line 9))
  Downloading requests-2.34.2-py3-none-any.whl (73 kB)
Collecting pytest==9.0.3 (from -r requirements-lock.txt (line 10))
  Downloading pytest-9.0.3-py3-none-any.whl (375 kB)
Collecting pymatgen==2026.5.4 (from -r requirements-lock.txt (line 11))
  Downloading pymatgen-2026.5.4-py3-none-any.whl (829 kB)
     ━━━━━━━━━━━━━━━━━━━━━━━━━━━━━━━━━━━━━━━━ 829.1/829.1 kB 832.8 kB/s  0:00:01
Collecting python-dateutil>=2.8.2 (from pandas==3.0.3->-r requirements-lock.txt (line 2))
  Downloading python_dateutil-2.9.0.post0-py2.py3-none-any.whl (229 kB)
Collecting joblib>=1.3.0 (from scikit-learn==1.8.0->-r requirements-lock.txt (line 4))
  Downloading joblib-1.5.3-py3-none-any.whl (309 kB)
Collecting threadpoolctl>=3.2.0 (from scikit-learn==1.8.0->-r requirements-lock.txt (line 4))
  Downloading threadpoolctl-3.6.0-py3-none-any.whl (18 kB)
Collecting contourpy>=1.0.1 (from matplotlib==3.10.9->-r requirements-lock.txt (line 6))
  Downloading contourpy-1.3.3-cp312-cp312-manylinux_2_27_x86_64.manylinux_2_28_x86_64.whl (362 kB)
Collecting cycler>=0.10 (from matplotlib==3.10.9->-r requirements-lock.txt (line 6))
  Downloading cycler-0.12.1-py3-none-any.whl (8.3 kB)
Collecting fonttools>=4.22.0 (from matplotlib==3.10.9->-r requirements-lock.txt (line 6))
  Downloading fonttools-4.63.0-cp312-cp312-manylinux2014_x86_64.manylinux_2_17_x86_64.whl (5.0 MB)
     ━━━━━━━━━━━━━━━━━━━━━━━━━━━━━━━━━━━━━━━━ 5.0/5.0 MB 704.5 kB/s  0:00:06
Collecting kiwisolver>=1.3.1 (from matplotlib==3.10.9->-r requirements-lock.txt (line 6))
  Downloading kiwisolver-1.5.0-cp312-cp312-manylinux2014_x86_64.manylinux_2_17_x86_64.whl (1.5 MB)
     ━━━━━━━━━━━━━━━━━━━━━━━━━━━━━━━━━━━━━━━━ 1.5/1.5 MB 574.6 kB/s  0:00:02
Collecting packaging>=20.0 (from matplotlib==3.10.9->-r requirements-lock.txt (line 6))
  Downloading packaging-26.2-py3-none-any.whl (100 kB)
Collecting pillow>=8 (from matplotlib==3.10.9->-r requirements-lock.txt (line 6))
  Downloading pillow-12.3.0-cp312-cp312-manylinux_2_27_x86_64.manylinux_2_28_x86_64.whl (6.9 MB)
     ━━━━━━━━━━━━━━━━━━━━━━━━━━━━━━━━━━━━━━━━ 6.9/6.9 MB 969.5 kB/s  0:00:07
Collecting pyparsing>=3 (from matplotlib==3.10.9->-r requirements-lock.txt (line 6))
  Downloading pyparsing-3.3.2-py3-none-any.whl (122 kB)
Collecting attrs>=22.2.0 (from jsonschema==4.25.1->-r requirements-lock.txt (line 8))
  Downloading attrs-26.1.0-py3-none-any.whl (67 kB)
Collecting jsonschema-specifications>=2023.03.6 (from jsonschema==4.25.1->-r requirements-lock.txt (line 8))
  Downloading jsonschema_specifications-2025.9.1-py3-none-any.whl (18 kB)
Collecting referencing>=0.28.4 (from jsonschema==4.25.1->-r requirements-lock.txt (line 8))
  Downloading referencing-0.37.0-py3-none-any.whl (26 kB)
Collecting rpds-py>=0.7.1 (from jsonschema==4.25.1->-r requirements-lock.txt (line 8))
  Downloading rpds_py-2026.6.3-cp312-cp312-manylinux_2_17_x86_64.manylinux2014_x86_64.whl (366 kB)
Collecting charset_normalizer<4,>=2 (from requests==2.34.2->-r requirements-lock.txt (line 9))
  Downloading charset_normalizer-3.4.9-cp312-cp312-manylinux2014_x86_64.manylinux_2_17_x86_64.manylinux_2_28_x86_64.whl (224 kB)
Collecting idna<4,>=2.5 (from requests==2.34.2->-r requirements-lock.txt (line 9))
  Downloading idna-3.18-py3-none-any.whl (65 kB)
Collecting urllib3<3,>=1.26 (from requests==2.34.2->-r requirements-lock.txt (line 9))
  Downloading urllib3-2.7.0-py3-none-any.whl (131 kB)
Collecting certifi>=2023.5.7 (from requests==2.34.2->-r requirements-lock.txt (line 9))
  Downloading certifi-2026.6.17-py3-none-any.whl (133 kB)
Collecting iniconfig>=1.0.1 (from pytest==9.0.3->-r requirements-lock.txt (line 10))
  Downloading iniconfig-2.3.0-py3-none-any.whl (7.5 kB)
Collecting pluggy<2,>=1.5 (from pytest==9.0.3->-r requirements-lock.txt (line 10))
  Downloading pluggy-1.6.0-py3-none-any.whl (20 kB)
Collecting pygments>=2.7.2 (from pytest==9.0.3->-r requirements-lock.txt (line 10))
  Downloading pygments-2.20.0-py3-none-any.whl (1.2 MB)
     ━━━━━━━━━━━━━━━━━━━━━━━━━━━━━━━━━━━━━━━━ 1.2/1.2 MB 172.7 kB/s  0:00:06
Collecting pymatgen-core>=2026.4.16 (from pymatgen==2026.5.4->-r requirements-lock.txt (line 11))
  Downloading pymatgen_core-2026.5.18-cp312-cp312-manylinux2014_x86_64.manylinux_2_17_x86_64.manylinux_2_28_x86_64.whl (4.5 MB)
     ━━━━━━━━━━━━━━━━━━━━━━━━━━━━━━━━━━━━━━━━ 4.5/4.5 MB 266.0 kB/s  0:00:17
Collecting bibtexparser (from pymatgen-core>=2026.4.16->pymatgen==2026.5.4->-r requirements-lock.txt (line 11))
  Downloading bibtexparser-1.4.4.tar.gz (55 kB)
  Installing build dependencies: started
  Installing build dependencies: finished with status 'done'
  Getting requirements to build wheel: started
  Getting requirements to build wheel: finished with status 'done'
  Preparing metadata (pyproject.toml): started
  Preparing metadata (pyproject.toml): finished with status 'done'
Collecting lxml>=6.1.0 (from pymatgen-core>=2026.4.16->pymatgen==2026.5.4->-r requirements-lock.txt (line 11))
  Downloading lxml-6.1.1-cp312-cp312-manylinux_2_26_x86_64.manylinux_2_28_x86_64.whl (5.2 MB)
     ━━━━━━━━━━━━━━━━━━━━━━━━━━━━━━━━━━━━━━━━ 5.2/5.2 MB 574.0 kB/s  0:00:09
Collecting monty>=2026.5.18 (from pymatgen-core>=2026.4.16->pymatgen==2026.5.4->-r requirements-lock.txt (line 11))
  Downloading monty-2026.5.18-py3-none-any.whl (59 kB)
Collecting networkx>=2.7 (from pymatgen-core>=2026.4.16->pymatgen==2026.5.4->-r requirements-lock.txt (line 11))
  Downloading networkx-3.6.1-py3-none-any.whl (2.1 MB)
     ━━━━━━━━━━━━━━━━━━━━━━━━━━━━━━━━━━━━━━━━ 2.1/2.1 MB 598.3 kB/s  0:00:03
Collecting orjson<4,>=3.10 (from pymatgen-core>=2026.4.16->pymatgen==2026.5.4->-r requirements-lock.txt (line 11))
  Downloading orjson-3.11.9-cp312-cp312-manylinux_2_17_x86_64.manylinux2014_x86_64.whl (134 kB)
Collecting palettable>=3.3.3 (from pymatgen-core>=2026.4.16->pymatgen==2026.5.4->-r requirements-lock.txt (line 11))
  Downloading palettable-3.3.3-py2.py3-none-any.whl (332 kB)
Collecting plotly>=6.0 (from pymatgen-core>=2026.4.16->pymatgen==2026.5.4->-r requirements-lock.txt (line 11))
  Downloading plotly-6.9.0-py3-none-any.whl (9.9 MB)
     ━━━━━━━━━━━━━━━━━━━━━━━━━━━━━━━━━━━━━━━━ 9.9/9.9 MB 785.2 kB/s  0:00:12
Collecting spglib>=2.5 (from pymatgen-core>=2026.4.16->pymatgen==2026.5.4->-r requirements-lock.txt (line 11))
  Downloading spglib-2.7.0-cp312-cp312-manylinux_2_27_x86_64.manylinux_2_28_x86_64.whl (962 kB)
     ━━━━━━━━━━━━━━━━━━━━━━━━━━━━━━━━━━━━━━━━ 962.5/962.5 kB 852.1 kB/s  0:00:01
Collecting sympy>=1.3 (from pymatgen-core>=2026.4.16->pymatgen==2026.5.4->-r requirements-lock.txt (line 11))
  Downloading sympy-1.14.0-py3-none-any.whl (6.3 MB)
     ━━━━━━━━━━━━━━━━━━━━━━━━━━━━━━━━━━━━━━━━ 6.3/6.3 MB 863.7 kB/s  0:00:07
Collecting tabulate>=0.9.0 (from pymatgen-core>=2026.4.16->pymatgen==2026.5.4->-r requirements-lock.txt (line 11))
  Downloading tabulate-0.10.0-py3-none-any.whl (39 kB)
Collecting tqdm>=4.67.3 (from pymatgen-core>=2026.4.16->pymatgen==2026.5.4->-r requirements-lock.txt (line 11))
  Downloading tqdm-4.68.4-py3-none-any.whl (676 kB)
     ━━━━━━━━━━━━━━━━━━━━━━━━━━━━━━━━━━━━━━━━ 676.6/676.6 kB 1.2 MB/s  0:00:00
Collecting uncertainties>=3.1 (from pymatgen-core>=2026.4.16->pymatgen==2026.5.4->-r requirements-lock.txt (line 11))
  Downloading uncertainties-3.2.3-py3-none-any.whl (60 kB)
Collecting ruamel.yaml (from monty>=2026.5.18->pymatgen-core>=2026.4.16->pymatgen==2026.5.4->-r requirements-lock.txt (line 11))
  Downloading ruamel_yaml-0.19.1-py3-none-any.whl (118 kB)
Collecting narwhals>=1.15.1 (from plotly>=6.0->pymatgen-core>=2026.4.16->pymatgen==2026.5.4->-r requirements-lock.txt (line 11))
  Downloading narwhals-2.23.0-py3-none-any.whl (458 kB)
Collecting six>=1.5 (from python-dateutil>=2.8.2->pandas==3.0.3->-r requirements-lock.txt (line 2))
  Downloading six-1.17.0-py2.py3-none-any.whl (11 kB)
Collecting typing-extensions>=4.4.0 (from referencing>=0.28.4->jsonschema==4.25.1->-r requirements-lock.txt (line 8))
  Downloading typing_extensions-4.16.0-py3-none-any.whl (45 kB)
Collecting mpmath<1.4,>=1.1.0 (from sympy>=1.3->pymatgen-core>=2026.4.16->pymatgen==2026.5.4->-r requirements-lock.txt (line 11))
  Downloading mpmath-1.3.0-py3-none-any.whl (536 kB)
     ━━━━━━━━━━━━━━━━━━━━━━━━━━━━━━━━━━━━━━━━ 536.2/536.2 kB 920.4 kB/s  0:00:00
Building wheels for collected packages: bibtexparser
  Building wheel for bibtexparser (pyproject.toml): started
  Building wheel for bibtexparser (pyproject.toml): finished with status 'done'
  Created wheel for bibtexparser: filename=bibtexparser-1.4.4-py3-none-any.whl size=43688 sha256=70123eed8437d58afbe97517e1b8d7dcb84c881de0176feb5d66c1d941d1441c
  Stored in directory: /root/.cache/pip/wheels/99/13/2b/2019e8bea5deea73abd2ebc8a54d5756aeb73d899e28f90bc5
Successfully built bibtexparser
Installing collected packages: mpmath, urllib3, uncertainties, typing-extensions, tqdm, threadpoolctl, tabulate, sympy, six, ruamel.yaml, rpds-py, PyYAML, pyparsing, pygments, pyarrow, pluggy, pillow, palettable, packaging, orjson, numpy, networkx, narwhals, lxml, kiwisolver, joblib, iniconfig, idna, fonttools, cycler, charset_normalizer, certifi, attrs, spglib, scipy, requests, referencing, python-dateutil, pytest, plotly, monty, contourpy, bibtexparser, scikit-learn, pandas, matplotlib, jsonschema-specifications, pymatgen-core, jsonschema, pymatgen

Successfully installed PyYAML-6.0.3 attrs-26.1.0 bibtexparser-1.4.4 certifi-2026.6.17 charset_normalizer-3.4.9 contourpy-1.3.3 cycler-0.12.1 fonttools-4.63.0 idna-3.18 iniconfig-2.3.0 joblib-1.5.3 jsonschema-4.25.1 jsonschema-specifications-2025.9.1 kiwisolver-1.5.0 lxml-6.1.1 matplotlib-3.10.9 monty-2026.5.18 mpmath-1.3.0 narwhals-2.23.0 networkx-3.6.1 numpy-2.5.1 orjson-3.11.9 packaging-26.2 palettable-3.3.3 pandas-3.0.3 pillow-12.3.0 plotly-6.9.0 pluggy-1.6.0 pyarrow-24.0.0 pygments-2.20.0 pymatgen-2026.5.4 pymatgen-core-2026.5.18 pyparsing-3.3.2 pytest-9.0.3 python-dateutil-2.9.0.post0 referencing-0.37.0 requests-2.34.2 rpds-py-2026.6.3 ruamel.yaml-0.19.1 scikit-learn-1.8.0 scipy-1.18.0 six-1.17.0 spglib-2.7.0 sympy-1.14.0 tabulate-0.10.0 threadpoolctl-3.6.0 tqdm-4.68.4 typing-extensions-4.16.0 uncertainties-3.2.3 urllib3-2.7.0
Looking in indexes: https://pypi.tuna.tsinghua.edu.cn/simple
Obtaining file:///root/materials-stability-label-discordance-dd
  Installing build dependencies: started
  Installing build dependencies: finished with status 'done'
  Checking if build backend supports build_editable: started
  Checking if build backend supports build_editable: finished with status 'done'
  Getting requirements to build editable: started
  Getting requirements to build editable: finished with status 'done'
  Preparing editable metadata (pyproject.toml): started
  Preparing editable metadata (pyproject.toml): finished with status 'done'
Building wheels for collected packages: sourceaware-stability
  Building editable for sourceaware-stability (pyproject.toml): started
  Building editable for sourceaware-stability (pyproject.toml): finished with status 'done'
  Created wheel for sourceaware-stability: filename=sourceaware_stability-0.3.0-0.editable-py3-none-any.whl size=4153 sha256=98b67158ee33784c5018d5f0e42d2abeda7fdec628cd01bacb75c658c3f26d39
  Stored in directory: /tmp/pip-ephem-wheel-cache-4o3hpa0e/wheels/79/84/c4/5197fdc8ce84e820352a43e7b1435d35468348e7f90fa392b3
Successfully built sourceaware-stability
Installing collected packages: sourceaware-stability
Successfully installed sourceaware-stability-0.3.0
